src/components/common/EmptyState.tsx(1,1): error TS6133: 'React' is declared but its value is never read.
src/components/common/ErrorState.tsx(1,1): error TS6133: 'React' is declared but its value is never read.
src/components/common/InnerSidebar.tsx(2,45): error TS6133: 'Link' is declared but its value is never read.
src/components/common/MobileNav.tsx(2,49): error TS6133: 'DollarSign' is declared but its value is never read.
src/components/common/ModulePlaceholder.tsx(3,22): error TS6133: 'ArrowRight' is declared but its value is never read.
src/components/common/Sidebar.tsx(20,3): error TS6133: 'ChevronRight' is declared but its value is never read.
src/components/common/Sidebar.tsx(21,3): error TS6133: 'HelpCircle' is declared but its value is never read.
src/components/common/Sidebar.tsx(24,3): error TS6133: 'Sparkles' is declared but its value is never read.
src/components/common/StatCard.tsx(1,1): error TS6133: 'React' is declared but its value is never read.
src/components/selectors/CustomerSelector.tsx(5,18): error TS6133: 'Building2' is declared but its value is never read.
src/components/selectors/ProductSelector.tsx(5,18): error TS6133: 'PackageCheck' is declared but its value is never read.
src/components/selectors/ProductSummaryCard.tsx(5,1): error TS6192: All imports in import declaration are unused.
src/features/approvals/ApprovalsPage.tsx(5,27): error TS6133: 'ApprovalActionType' is declared but its value is never read.
src/features/approvals/ApprovalsPage.tsx(6,1): error TS6133: 'UserRole' is declared but its value is never read.
src/features/commissions/CommissionHubPage.tsx(6,48): error TS6133: 'SalesTarget' is declared but its value is never read.
src/features/commissions/CommissionHubPage.tsx(13,3): error TS6133: 'Target' is declared but its value is never read.
src/features/commissions/CommissionHubPage.tsx(15,3): error TS6133: 'DollarSign' is declared but its value is never read.
src/features/commissions/CommissionHubPage.tsx(17,3): error TS6133: 'CheckCircle' is declared but its value is never read.
src/features/commissions/CommissionHubPage.tsx(19,3): error TS6133: 'BarChart2' is declared but its value is never read.
src/features/commissions/CommissionHubPage.tsx(20,3): error TS6133: 'Users' is declared but its value is never read.
src/features/customers/CustomerHubView.tsx(31,3): error TS6133: 'AlertTriangle' is declared but its value is never read.
src/features/customers/CustomerHubView.tsx(37,3): error TS6133: 'Calendar' is declared but its value is never read.
src/features/customers/CustomerHubView.tsx(38,3): error TS6133: 'CheckCircle' is declared but its value is never read.
src/features/customers/CustomerHubView.tsx(39,3): error TS6133: 'FileText' is declared but its value is never read.
src/features/customers/CustomerHubView.tsx(62,9): error TS6133: 'isCreditOverdue' is declared but its value is never read.
src/features/dashboard/AppearanceSettings.tsx(3,16): error TS6133: 'CardHeader' is declared but its value is never read.
src/features/dashboard/AppearanceSettings.tsx(3,28): error TS6133: 'CardTitle' is declared but its value is never read.
src/features/dashboard/AppearanceSettings.tsx(3,39): error TS6133: 'CardContent' is declared but its value is never read.
src/features/dashboard/DirectorDashboard.tsx(6,16): error TS6133: 'CardHeader' is declared but its value is never read.
src/features/dashboard/DirectorDashboard.tsx(6,28): error TS6133: 'CardTitle' is declared but its value is never read.
src/features/dashboard/DirectorDashboard.tsx(6,39): error TS6133: 'CardContent' is declared but its value is never read.
src/features/dashboard/DirectorDashboard.tsx(7,1): error TS6133: 'Badge' is declared but its value is never read.
src/features/dashboard/DirectorDashboard.tsx(9,3): error TS6133: 'DollarSign' is declared but its value is never read.
src/features/dashboard/DirectorDashboard.tsx(10,3): error TS6133: 'TrendingUp' is declared but its value is never read.
src/features/dashboard/DirectorDashboard.tsx(11,3): error TS6133: 'ShoppingBag' is declared but its value is never read.
src/features/dashboard/DirectorDashboard.tsx(13,3): error TS6133: 'AlertTriangle' is declared but its value is never read.
src/features/dashboard/DirectorDashboard.tsx(20,3): error TS6133: 'ArrowUpRight' is declared but its value is never read.
src/features/dashboard/DirectorDashboard.tsx(21,3): error TS6133: 'MapPin' is declared but its value is never read.
src/features/dashboard/DirectorDashboard.tsx(22,3): error TS6133: 'Sparkles' is declared but its value is never read.
src/features/dashboard/DirectorDashboard.tsx(24,3): error TS6133: 'Settings' is declared but its value is never read.
src/features/dashboard/DirectorDashboard.tsx(72,10): error TS6133: 'selectedRegion' is declared but its value is never read.
src/features/dashboard/DirectorDashboard.tsx(72,26): error TS6133: 'setSelectedRegion' is declared but its value is never read.
src/features/dashboard/SalesRepDashboard.tsx(14,3): error TS6133: 'ArrowRight' is declared but its value is never read.
src/features/dashboard/SalesRepDashboard.tsx(17,26): error TS6133: 'formatPercentage' is declared but its value is never read.
src/features/finance/components/DebitCreditRow.tsx(37,3): error TS6133: 'suggestedAmount' is declared but its value is never read.
src/features/finance/components/DebitCreditRow.tsx(38,3): error TS6133: 'suggestedType' is declared but its value is never read.
src/features/finance/pages/ChartOfAccountsPage.tsx(3,10): error TS6133: 'Account' is declared but its value is never read.
src/features/finance/pages/ChartOfAccountsPage.tsx(14,3): error TS6133: 'Edit2' is declared but its value is never read.
src/features/finance/pages/ChartOfAccountsPage.tsx(18,3): error TS6133: 'ShieldAlert' is declared but its value is never read.
src/features/finance/pages/ChartOfAccountsPage.tsx(93,21): error TS6133: 'loading' is declared but its value is never read.
src/features/finance/pages/FinanceCommissionsPage.tsx(5,44): error TS6133: 'CheckCircle2' is declared but its value is never read.
src/features/finance/pages/FinanceCommissionsPage.tsx(5,58): error TS6133: 'Clock' is declared but its value is never read.
src/features/finance/pages/FinanceDashboardPage.tsx(27,10): error TS6133: 'totalAssets' is declared but its value is never read.
src/features/finance/pages/FinanceDashboardPage.tsx(28,10): error TS6133: 'totalLiabilities' is declared but its value is never read.
src/features/finance/pages/FinanceDashboardPage.tsx(29,10): error TS6133: 'totalEquity' is declared but its value is never read.
src/features/finance/pages/PaymentApprovalPage.tsx(6,3): error TS6133: 'XCircle' is declared but its value is never read.
src/features/finance/pages/PaymentApprovalPage.tsx(8,3): error TS6133: 'Building2' is declared but its value is never read.
src/features/finance/pages/PaymentApprovalPage.tsx(15,3): error TS6133: 'Receipt' is declared but its value is never read.
src/features/finance/pages/PaymentApprovalPage.tsx(17,3): error TS6133: 'Calendar' is declared but its value is never read.
src/features/finance/pages/reports/BalanceSheetPage.tsx(5,26): error TS6133: 'formatDate' is declared but its value is never read.
src/features/finance/pages/reports/BalanceSheetPage.tsx(6,10): error TS6133: 'Scale' is declared but its value is never read.
src/features/finance/pages/reports/BalanceSheetPage.tsx(6,17): error TS6133: 'CheckCircle2' is declared but its value is never read.
src/features/finance/pages/reports/FinanceReportsHubPage.tsx(12,3): error TS6133: 'ShieldCheck' is declared but its value is never read.
src/features/finance/pages/reports/FinanceReportsHubPage.tsx(13,3): error TS6133: 'FileText' is declared but its value is never read.
src/features/finance/pages/reports/FinanceReportsHubPage.tsx(14,3): error TS6133: 'BarChart3' is declared but its value is never read.
src/features/finance/pages/reports/GeneralLedgerPage.tsx(8,20): error TS6133: 'DollarSign' is declared but its value is never read.
src/features/finance/pages/reports/GeneralLedgerPage.tsx(8,32): error TS6133: 'ArrowDownLeft' is declared but its value is never read.
src/features/finance/pages/reports/GeneralLedgerPage.tsx(8,47): error TS6133: 'ArrowUpRight' is declared but its value is never read.
src/features/finance/pages/reports/GeneralLedgerPage.tsx(8,61): error TS6133: 'Search' is declared but its value is never read.
src/features/finance/pages/reports/ProfitLossPage.tsx(7,44): error TS6133: 'ArrowUpRight' is declared but its value is never read.
src/features/finance/pages/reports/ProfitLossPage.tsx(7,58): error TS6133: 'ArrowDownRight' is declared but its value is never read.
src/features/finance/pages/reports/ProfitLossPage.tsx(7,74): error TS6133: 'Layers' is declared but its value is never read.
src/features/finance/pages/reports/ProfitLossPage.tsx(12,26): error TS6133: 'loading' is declared but its value is never read.
src/features/finance/pages/reports/ReportDateFilterBar.tsx(24,3): error TS6133: 'reportTitle' is declared but its value is never read.
src/features/finance/pages/reports/ReportHeaderNav.tsx(2,83): error TS6133: 'LayoutGrid' is declared but its value is never read.
src/features/finance/pages/reports/TrialBalancePage.tsx(6,10): error TS6133: 'Scale' is declared but its value is never read.
src/features/finance/pages/reports/TrialBalancePage.tsx(6,65): error TS6133: 'ShieldCheck' is declared but its value is never read.
src/features/finance/pages/SuppliersPage.tsx(5,26): error TS6133: 'formatDate' is declared but its value is never read.
src/features/finance/pages/SuppliersPage.tsx(16,3): error TS6133: 'CheckCircle2' is declared but its value is never read.
src/features/finance/pages/SuppliersPage.tsx(17,3): error TS6133: 'XCircle' is declared but its value is never read.
src/features/finance/pages/SuppliersPage.tsx(25,22): error TS6133: 'loading' is declared but its value is never read.
src/features/inventory/DispatchPage.tsx(1,8): error TS6133: 'React' is declared but its value is never read.
src/features/inventory/DispatchPage.tsx(7,30): error TS1149: File name '/Users/chandupa/DNS-Import-Export-ERP-Client/src/services/orderService.ts' differs from already included file name '/Users/chandupa/DNS-Import-Export-ERP-Client/src/services/OrderService.ts' only in casing.
  The file is in the program because:
    Imported via './OrderService' from file '/Users/chandupa/DNS-Import-Export-ERP-Client/src/services/ReportService.ts'
    Imported via './OrderService' from file '/Users/chandupa/DNS-Import-Export-ERP-Client/src/services/InvoiceService.ts'
    Imported via '../../services/OrderService' from file '/Users/chandupa/DNS-Import-Export-ERP-Client/src/features/customers/CustomerHubView.tsx'
    Imported via '../services/OrderService' from file '/Users/chandupa/DNS-Import-Export-ERP-Client/src/hooks/useOrders.ts'
    Imported via '../../services/OrderService' from file '/Users/chandupa/DNS-Import-Export-ERP-Client/src/features/orders/OrderCreateEditPage.tsx'
    Imported via '../../services/OrderService' from file '/Users/chandupa/DNS-Import-Export-ERP-Client/src/features/orders/OrderDetailPage.tsx'
    Imported via '../../services/orderService' from file '/Users/chandupa/DNS-Import-Export-ERP-Client/src/features/inventory/OrderPickingPage.tsx'
    Imported via '../../services/orderService' from file '/Users/chandupa/DNS-Import-Export-ERP-Client/src/features/inventory/DispatchPage.tsx'
    Imported via './OrderService' from file '/Users/chandupa/DNS-Import-Export-ERP-Client/src/services/AdvancedReportService.ts'
    Matched by include pattern 'src' in '/Users/chandupa/DNS-Import-Export-ERP-Client/tsconfig.json'
    Imported via '../services/OrderService' from file '/Users/chandupa/DNS-Import-Export-ERP-Client/src/test/accessibilityAndUI.test.tsx'
    Imported via '../services/OrderService' from file '/Users/chandupa/DNS-Import-Export-ERP-Client/src/test/endToEndLifecycle.test.ts'
    Imported via '../services/OrderService' from file '/Users/chandupa/DNS-Import-Export-ERP-Client/src/test/invoiceDomain.test.ts'
    Imported via '../services/OrderService' from file '/Users/chandupa/DNS-Import-Export-ERP-Client/src/test/orderDomain.test.ts'
    Imported via '../services/OrderService' from file '/Users/chandupa/DNS-Import-Export-ERP-Client/src/test/paymentDomain.test.ts'
    Imported via '../services/OrderService' from file '/Users/chandupa/DNS-Import-Export-ERP-Client/src/test/reportDomain.test.ts'
    Imported via '../services/OrderService' from file '/Users/chandupa/DNS-Import-Export-ERP-Client/src/test/roleSecurity.test.ts'
src/features/inventory/DispatchPage.tsx(8,29): error TS1149: File name '/Users/chandupa/DNS-Import-Export-ERP-Client/src/services/authService.ts' differs from already included file name '/Users/chandupa/DNS-Import-Export-ERP-Client/src/services/AuthService.ts' only in casing.
  The file is in the program because:
    Imported via '../services/AuthService' from file '/Users/chandupa/DNS-Import-Export-ERP-Client/src/hooks/useAuth.ts'
    Imported via '../services/AuthService' from file '/Users/chandupa/DNS-Import-Export-ERP-Client/src/context/ThemeContext.tsx'
    Imported via '../../services/authService' from file '/Users/chandupa/DNS-Import-Export-ERP-Client/src/features/inventory/GRNDetailPage.tsx'
    Imported via '../../services/authService' from file '/Users/chandupa/DNS-Import-Export-ERP-Client/src/features/inventory/OrderPickingPage.tsx'
    Imported via '../../services/authService' from file '/Users/chandupa/DNS-Import-Export-ERP-Client/src/features/inventory/DispatchPage.tsx'
    Imported via '../../services/authService' from file '/Users/chandupa/DNS-Import-Export-ERP-Client/src/features/inventory/TransferListPage.tsx'
    Matched by include pattern 'src' in '/Users/chandupa/DNS-Import-Export-ERP-Client/tsconfig.json'
    Imported via '../services/AuthService' from file '/Users/chandupa/DNS-Import-Export-ERP-Client/src/test/accessibilityAndUI.test.tsx'
    Imported via '../services/AuthService' from file '/Users/chandupa/DNS-Import-Export-ERP-Client/src/test/loginPage.test.tsx'
    Imported via '../services/AuthService' from file '/Users/chandupa/DNS-Import-Export-ERP-Client/src/test/reportComponents.test.tsx'
    Imported via '../services/AuthService' from file '/Users/chandupa/DNS-Import-Export-ERP-Client/src/test/themeSystem.test.tsx'
src/features/inventory/DispatchPage.tsx(22,39): error TS2551: Property 'getOrders' does not exist on type 'OrderService'. Did you mean 'getOrder'?
src/features/inventory/DispatchPage.tsx(39,26): error TS2339: Property 'advanceOrderStatus' does not exist on type 'OrderService'.
src/features/inventory/GRNCreateEditPage.tsx(1,1): error TS6133: 'React' is declared but its value is never read.
src/features/inventory/GRNCreateEditPage.tsx(12,1): error TS6133: 'ProductSelector' is declared but its value is never read.
src/features/inventory/GRNCreateEditPage.tsx(55,89): error TS2554: Expected 1 arguments, but got 2.
src/features/inventory/GRNCreateEditPage.tsx(57,26): error TS2339: Property 'createGRN' does not exist on type 'GRNService'.
src/features/inventory/GRNDetailPage.tsx(1,8): error TS6133: 'React' is declared but its value is never read.
src/features/inventory/GRNDetailPage.tsx(10,29): error TS1149: File name '/Users/chandupa/DNS-Import-Export-ERP-Client/src/services/authService.ts' differs from already included file name '/Users/chandupa/DNS-Import-Export-ERP-Client/src/services/AuthService.ts' only in casing.
  The file is in the program because:
    Imported via '../services/AuthService' from file '/Users/chandupa/DNS-Import-Export-ERP-Client/src/hooks/useAuth.ts'
    Imported via '../services/AuthService' from file '/Users/chandupa/DNS-Import-Export-ERP-Client/src/context/ThemeContext.tsx'
    Imported via '../../services/authService' from file '/Users/chandupa/DNS-Import-Export-ERP-Client/src/features/inventory/GRNDetailPage.tsx'
    Imported via '../../services/authService' from file '/Users/chandupa/DNS-Import-Export-ERP-Client/src/features/inventory/OrderPickingPage.tsx'
    Imported via '../../services/authService' from file '/Users/chandupa/DNS-Import-Export-ERP-Client/src/features/inventory/DispatchPage.tsx'
    Imported via '../../services/authService' from file '/Users/chandupa/DNS-Import-Export-ERP-Client/src/features/inventory/TransferListPage.tsx'
    Matched by include pattern 'src' in '/Users/chandupa/DNS-Import-Export-ERP-Client/tsconfig.json'
    Imported via '../services/AuthService' from file '/Users/chandupa/DNS-Import-Export-ERP-Client/src/test/accessibilityAndUI.test.tsx'
    Imported via '../services/AuthService' from file '/Users/chandupa/DNS-Import-Export-ERP-Client/src/test/loginPage.test.tsx'
    Imported via '../services/AuthService' from file '/Users/chandupa/DNS-Import-Export-ERP-Client/src/test/reportComponents.test.tsx'
    Imported via '../services/AuthService' from file '/Users/chandupa/DNS-Import-Export-ERP-Client/src/test/themeSystem.test.tsx'
src/features/inventory/GRNDetailPage.tsx(32,39): error TS2339: Property 'getGRNById' does not exist on type 'GRNService'.
src/features/inventory/GRNListPage.tsx(1,8): error TS6133: 'React' is declared but its value is never read.
src/features/inventory/InventoryDashboardPage.tsx(1,1): error TS6133: 'React' is declared but its value is never read.
src/features/inventory/OrderPickingPage.tsx(1,8): error TS6133: 'React' is declared but its value is never read.
src/features/inventory/OrderPickingPage.tsx(7,30): error TS1149: File name '/Users/chandupa/DNS-Import-Export-ERP-Client/src/services/orderService.ts' differs from already included file name '/Users/chandupa/DNS-Import-Export-ERP-Client/src/services/OrderService.ts' only in casing.
  The file is in the program because:
    Imported via './OrderService' from file '/Users/chandupa/DNS-Import-Export-ERP-Client/src/services/ReportService.ts'
    Imported via './OrderService' from file '/Users/chandupa/DNS-Import-Export-ERP-Client/src/services/InvoiceService.ts'
    Imported via '../../services/OrderService' from file '/Users/chandupa/DNS-Import-Export-ERP-Client/src/features/customers/CustomerHubView.tsx'
    Imported via '../services/OrderService' from file '/Users/chandupa/DNS-Import-Export-ERP-Client/src/hooks/useOrders.ts'
    Imported via '../../services/OrderService' from file '/Users/chandupa/DNS-Import-Export-ERP-Client/src/features/orders/OrderCreateEditPage.tsx'
    Imported via '../../services/OrderService' from file '/Users/chandupa/DNS-Import-Export-ERP-Client/src/features/orders/OrderDetailPage.tsx'
    Imported via '../../services/orderService' from file '/Users/chandupa/DNS-Import-Export-ERP-Client/src/features/inventory/OrderPickingPage.tsx'
    Imported via '../../services/orderService' from file '/Users/chandupa/DNS-Import-Export-ERP-Client/src/features/inventory/DispatchPage.tsx'
    Imported via './OrderService' from file '/Users/chandupa/DNS-Import-Export-ERP-Client/src/services/AdvancedReportService.ts'
    Matched by include pattern 'src' in '/Users/chandupa/DNS-Import-Export-ERP-Client/tsconfig.json'
    Imported via '../services/OrderService' from file '/Users/chandupa/DNS-Import-Export-ERP-Client/src/test/accessibilityAndUI.test.tsx'
    Imported via '../services/OrderService' from file '/Users/chandupa/DNS-Import-Export-ERP-Client/src/test/endToEndLifecycle.test.ts'
    Imported via '../services/OrderService' from file '/Users/chandupa/DNS-Import-Export-ERP-Client/src/test/invoiceDomain.test.ts'
    Imported via '../services/OrderService' from file '/Users/chandupa/DNS-Import-Export-ERP-Client/src/test/orderDomain.test.ts'
    Imported via '../services/OrderService' from file '/Users/chandupa/DNS-Import-Export-ERP-Client/src/test/paymentDomain.test.ts'
    Imported via '../services/OrderService' from file '/Users/chandupa/DNS-Import-Export-ERP-Client/src/test/reportDomain.test.ts'
    Imported via '../services/OrderService' from file '/Users/chandupa/DNS-Import-Export-ERP-Client/src/test/roleSecurity.test.ts'
src/features/inventory/OrderPickingPage.tsx(8,34): error TS1149: File name '/Users/chandupa/DNS-Import-Export-ERP-Client/src/services/inventoryService.ts' differs from already included file name '/Users/chandupa/DNS-Import-Export-ERP-Client/src/services/InventoryService.ts' only in casing.
  The file is in the program because:
    Imported via './InventoryService' from file '/Users/chandupa/DNS-Import-Export-ERP-Client/src/services/ReportService.ts'
    Imported via '../services/InventoryService' from file '/Users/chandupa/DNS-Import-Export-ERP-Client/src/hooks/useInventory.ts'
    Imported via '../../services/inventoryService' from file '/Users/chandupa/DNS-Import-Export-ERP-Client/src/features/inventory/OrderPickingPage.tsx'
    Imported via '../../services/inventoryService' from file '/Users/chandupa/DNS-Import-Export-ERP-Client/src/features/inventory/TransferListPage.tsx'
    Imported via './InventoryService' from file '/Users/chandupa/DNS-Import-Export-ERP-Client/src/services/AdvancedReportService.ts'
    Matched by include pattern 'src' in '/Users/chandupa/DNS-Import-Export-ERP-Client/tsconfig.json'
    Imported via '../services/InventoryService' from file '/Users/chandupa/DNS-Import-Export-ERP-Client/src/test/endToEndLifecycle.test.ts'
    Imported via '../services/InventoryService' from file '/Users/chandupa/DNS-Import-Export-ERP-Client/src/test/inventoryDomain.test.ts'
    Imported via '../services/InventoryService' from file '/Users/chandupa/DNS-Import-Export-ERP-Client/src/test/reportDomain.test.ts'
    Imported via '../services/InventoryService' from file '/Users/chandupa/DNS-Import-Export-ERP-Client/src/test/roleSecurity.test.ts'
src/features/inventory/OrderPickingPage.tsx(9,29): error TS1149: File name '/Users/chandupa/DNS-Import-Export-ERP-Client/src/services/authService.ts' differs from already included file name '/Users/chandupa/DNS-Import-Export-ERP-Client/src/services/AuthService.ts' only in casing.
  The file is in the program because:
    Imported via '../services/AuthService' from file '/Users/chandupa/DNS-Import-Export-ERP-Client/src/hooks/useAuth.ts'
    Imported via '../services/AuthService' from file '/Users/chandupa/DNS-Import-Export-ERP-Client/src/context/ThemeContext.tsx'
    Imported via '../../services/authService' from file '/Users/chandupa/DNS-Import-Export-ERP-Client/src/features/inventory/GRNDetailPage.tsx'
    Imported via '../../services/authService' from file '/Users/chandupa/DNS-Import-Export-ERP-Client/src/features/inventory/OrderPickingPage.tsx'
    Imported via '../../services/authService' from file '/Users/chandupa/DNS-Import-Export-ERP-Client/src/features/inventory/DispatchPage.tsx'
    Imported via '../../services/authService' from file '/Users/chandupa/DNS-Import-Export-ERP-Client/src/features/inventory/TransferListPage.tsx'
    Matched by include pattern 'src' in '/Users/chandupa/DNS-Import-Export-ERP-Client/tsconfig.json'
    Imported via '../services/AuthService' from file '/Users/chandupa/DNS-Import-Export-ERP-Client/src/test/accessibilityAndUI.test.tsx'
    Imported via '../services/AuthService' from file '/Users/chandupa/DNS-Import-Export-ERP-Client/src/test/loginPage.test.tsx'
    Imported via '../services/AuthService' from file '/Users/chandupa/DNS-Import-Export-ERP-Client/src/test/reportComponents.test.tsx'
    Imported via '../services/AuthService' from file '/Users/chandupa/DNS-Import-Export-ERP-Client/src/test/themeSystem.test.tsx'
src/features/inventory/OrderPickingPage.tsx(25,39): error TS2551: Property 'getOrders' does not exist on type 'OrderService'. Did you mean 'getOrder'?
src/features/inventory/OrderPickingPage.tsx(69,34): error TS2339: Property 'recordIssue' does not exist on type 'InventoryService'.
src/features/inventory/OrderPickingPage.tsx(75,70): error TS2345: Argument of type 'any[]' is not assignable to parameter of type 'OrderStatus'.
src/features/inventory/StockBalancePage.tsx(1,8): error TS6133: 'React' is declared but its value is never read.
src/features/inventory/StockBalancePage.tsx(23,26): error TS2551: Property 'category' does not exist on type 'Product'. Did you mean 'categoryId'?
src/features/inventory/StockMovementsPage.tsx(1,8): error TS6133: 'React' is declared but its value is never read.
src/features/inventory/TransferListPage.tsx(1,8): error TS6133: 'React' is declared but its value is never read.
src/features/inventory/TransferListPage.tsx(9,34): error TS1149: File name '/Users/chandupa/DNS-Import-Export-ERP-Client/src/services/inventoryService.ts' differs from already included file name '/Users/chandupa/DNS-Import-Export-ERP-Client/src/services/InventoryService.ts' only in casing.
  The file is in the program because:
    Imported via './InventoryService' from file '/Users/chandupa/DNS-Import-Export-ERP-Client/src/services/ReportService.ts'
    Imported via '../services/InventoryService' from file '/Users/chandupa/DNS-Import-Export-ERP-Client/src/hooks/useInventory.ts'
    Imported via '../../services/inventoryService' from file '/Users/chandupa/DNS-Import-Export-ERP-Client/src/features/inventory/OrderPickingPage.tsx'
    Imported via '../../services/inventoryService' from file '/Users/chandupa/DNS-Import-Export-ERP-Client/src/features/inventory/TransferListPage.tsx'
    Imported via './InventoryService' from file '/Users/chandupa/DNS-Import-Export-ERP-Client/src/services/AdvancedReportService.ts'
    Matched by include pattern 'src' in '/Users/chandupa/DNS-Import-Export-ERP-Client/tsconfig.json'
    Imported via '../services/InventoryService' from file '/Users/chandupa/DNS-Import-Export-ERP-Client/src/test/endToEndLifecycle.test.ts'
    Imported via '../services/InventoryService' from file '/Users/chandupa/DNS-Import-Export-ERP-Client/src/test/inventoryDomain.test.ts'
    Imported via '../services/InventoryService' from file '/Users/chandupa/DNS-Import-Export-ERP-Client/src/test/reportDomain.test.ts'
    Imported via '../services/InventoryService' from file '/Users/chandupa/DNS-Import-Export-ERP-Client/src/test/roleSecurity.test.ts'
src/features/inventory/TransferListPage.tsx(10,29): error TS1149: File name '/Users/chandupa/DNS-Import-Export-ERP-Client/src/services/authService.ts' differs from already included file name '/Users/chandupa/DNS-Import-Export-ERP-Client/src/services/AuthService.ts' only in casing.
  The file is in the program because:
    Imported via '../services/AuthService' from file '/Users/chandupa/DNS-Import-Export-ERP-Client/src/hooks/useAuth.ts'
    Imported via '../services/AuthService' from file '/Users/chandupa/DNS-Import-Export-ERP-Client/src/context/ThemeContext.tsx'
    Imported via '../../services/authService' from file '/Users/chandupa/DNS-Import-Export-ERP-Client/src/features/inventory/GRNDetailPage.tsx'
    Imported via '../../services/authService' from file '/Users/chandupa/DNS-Import-Export-ERP-Client/src/features/inventory/OrderPickingPage.tsx'
    Imported via '../../services/authService' from file '/Users/chandupa/DNS-Import-Export-ERP-Client/src/features/inventory/DispatchPage.tsx'
    Imported via '../../services/authService' from file '/Users/chandupa/DNS-Import-Export-ERP-Client/src/features/inventory/TransferListPage.tsx'
    Matched by include pattern 'src' in '/Users/chandupa/DNS-Import-Export-ERP-Client/tsconfig.json'
    Imported via '../services/AuthService' from file '/Users/chandupa/DNS-Import-Export-ERP-Client/src/test/accessibilityAndUI.test.tsx'
    Imported via '../services/AuthService' from file '/Users/chandupa/DNS-Import-Export-ERP-Client/src/test/loginPage.test.tsx'
    Imported via '../services/AuthService' from file '/Users/chandupa/DNS-Import-Export-ERP-Client/src/test/reportComponents.test.tsx'
    Imported via '../services/AuthService' from file '/Users/chandupa/DNS-Import-Export-ERP-Client/src/test/themeSystem.test.tsx'
src/features/inventory/TransferListPage.tsx(33,92): error TS2339: Property 'type' does not exist on type 'StockMovement'.
src/features/invoices/InvoiceDetailPage.tsx(20,3): error TS6133: 'Building' is declared but its value is never read.
src/features/invoices/InvoiceDetailPage.tsx(21,3): error TS6133: 'User' is declared but its value is never read.
src/features/invoices/InvoiceDetailPage.tsx(22,3): error TS6133: 'Calendar' is declared but its value is never read.
src/features/invoices/InvoiceDetailPage.tsx(23,3): error TS6133: 'FileText' is declared but its value is never read.
src/features/invoices/InvoiceDetailPage.tsx(24,3): error TS6133: 'AlertTriangle' is declared but its value is never read.
src/features/invoices/InvoiceDetailPage.tsx(25,3): error TS6133: 'CheckCircle2' is declared but its value is never read.
src/features/invoices/InvoiceListPage.tsx(21,3): error TS6133: 'Filter' is declared but its value is never read.
src/features/invoices/InvoiceListPage.tsx(26,3): error TS6133: 'PlusCircle' is declared but its value is never read.
src/features/invoices/InvoiceListPage.tsx(55,57): error TS2345: Argument of type '{ pageSize: number; }' is not assignable to parameter of type 'CustomerFilters'.
  Property 'page' is missing in type '{ pageSize: number; }' but required in type 'CustomerFilters'.
src/features/orders/OrderCreateEditPage.tsx(40,3): error TS6133: 'FileSpreadsheet' is declared but its value is never read.
src/features/orders/OrderDetailPage.tsx(10,16): error TS6133: 'CardHeader' is declared but its value is never read.
src/features/orders/OrderDetailPage.tsx(10,28): error TS6133: 'CardTitle' is declared but its value is never read.
src/features/orders/OrderDetailPage.tsx(10,39): error TS6133: 'CardContent' is declared but its value is never read.
src/features/orders/OrderDetailPage.tsx(20,38): error TS6133: 'formatDateTime' is declared but its value is never read.
src/features/orders/OrderDetailPage.tsx(28,3): error TS6133: 'ShoppingCart' is declared but its value is never read.
src/features/orders/OrderDetailPage.tsx(39,3): error TS6133: 'Building2' is declared but its value is never read.
src/features/orders/OrderDetailPage.tsx(40,3): error TS6133: 'Calendar' is declared but its value is never read.
src/features/orders/OrderDetailPage.tsx(41,3): error TS6133: 'CreditCard' is declared but its value is never read.
src/features/orders/OrderListPage.tsx(20,3): error TS6133: 'CheckCircle' is declared but its value is never read.
src/features/orders/OrderListPage.tsx(71,11): error TS2345: Argument of type '{ assignedRepId: string; pageSize: number; } | { pageSize: number; }' is not assignable to parameter of type 'CustomerFilters | undefined'.
  Property 'page' is missing in type '{ assignedRepId: string; pageSize: number; }' but required in type 'CustomerFilters'.
src/features/orders/OrderTrackingPage.tsx(4,23): error TS6133: 'SalesOrder' is declared but its value is never read.
src/features/orders/OrderTrackingPage.tsx(5,28): error TS6133: 'CardTitle' is declared but its value is never read.
src/features/orders/OrderTrackingPage.tsx(15,3): error TS6133: 'Clock' is declared but its value is never read.
src/features/orders/OrderTrackingPage.tsx(20,3): error TS6133: 'AlertCircle' is declared but its value is never read.
src/features/orders/OrderTrackingPage.tsx(60,35): error TS6133: 'filters' is declared but its value is never read.
src/features/orders/OrderTrackingPage.tsx(60,44): error TS6133: 'setFilters' is declared but its value is never read.
src/features/payments/PaymentCollectionPage.tsx(20,3): error TS6133: 'Banknote' is declared but its value is never read.
src/features/payments/PaymentCollectionPage.tsx(23,3): error TS6133: 'AlertTriangle' is declared but its value is never read.
src/features/payments/PaymentCollectionPage.tsx(25,3): error TS6133: 'Receipt' is declared but its value is never read.
src/features/payments/PaymentCollectionPage.tsx(26,3): error TS6133: 'Printer' is declared but its value is never read.
src/features/payments/PaymentDetailPage.tsx(7,1): error TS6133: 'printerService' is declared but its value is never read.
src/features/payments/PaymentDetailPage.tsx(12,16): error TS6133: 'CardHeader' is declared but its value is never read.
src/features/payments/PaymentDetailPage.tsx(12,28): error TS6133: 'CardTitle' is declared but its value is never read.
src/features/payments/PaymentDetailPage.tsx(17,38): error TS6133: 'formatDateTime' is declared but its value is never read.
src/features/payments/PaymentDetailPage.tsx(25,3): error TS6133: 'Building' is declared but its value is never read.
src/features/payments/PaymentDetailPage.tsx(26,3): error TS6133: 'CreditCard' is declared but its value is never read.
src/features/payments/PaymentDetailPage.tsx(27,3): error TS6133: 'User' is declared but its value is never read.
src/features/payments/PaymentDetailPage.tsx(28,3): error TS6133: 'Clock' is declared but its value is never read.
src/features/payments/PaymentDetailPage.tsx(29,3): error TS6133: 'ShieldCheck' is declared but its value is never read.
src/features/payments/PaymentDetailPage.tsx(35,9): error TS6133: 'navigate' is declared but its value is never read.
src/features/payments/PaymentListPage.tsx(19,26): error TS6133: 'formatDate' is declared but its value is never read.
src/features/payments/PaymentListPage.tsx(70,57): error TS2345: Argument of type '{ pageSize: number; }' is not assignable to parameter of type 'CustomerFilters'.
  Property 'page' is missing in type '{ pageSize: number; }' but required in type 'CustomerFilters'.
src/features/payments/ThermalReceiptModal.tsx(5,26): error TS6133: 'formatDate' is declared but its value is never read.
src/features/payments/ThermalReceiptModal.tsx(6,19): error TS6133: 'CheckCircle' is declared but its value is never read.
src/features/payments/ThermalReceiptModal.tsx(6,32): error TS6133: 'Download' is declared but its value is never read.
src/features/payments/ThermalReceiptModal.tsx(6,42): error TS6133: 'X' is declared but its value is never read.
src/features/pos/POSSessionsPage.tsx(1,8): error TS6133: 'React' is declared but its value is never read.
src/features/pos/POSSessionsPage.tsx(4,10): error TS6133: 'POSSession' is declared but its value is never read.
src/features/pos/POSSessionsPage.tsx(7,3): error TS6133: 'Calendar' is declared but its value is never read.
src/features/pos/POSSessionsPage.tsx(9,3): error TS6133: 'DollarSign' is declared but its value is never read.
src/features/pos/POSSessionsPage.tsx(14,3): error TS6133: 'AlertTriangle' is declared but its value is never read.
src/features/pos/POSSessionsPage.tsx(15,3): error TS6133: 'Receipt' is declared but its value is never read.
src/features/pos/POSSessionsPage.tsx(18,3): error TS6133: 'TrendingUp' is declared but its value is never read.
src/features/pos/POSSessionsPage.tsx(22,3): error TS6133: 'Store' is declared but its value is never read.
src/features/pos/POSSessionsPage.tsx(28,42): error TS6133: 'activeSession' is declared but its value is never read.
src/features/pos/POSSessionsPage.tsx(30,10): error TS6133: 'loadingSummary' is declared but its value is never read.
src/features/pos/POSTransactionHistoryPage.tsx(12,3): error TS6133: 'Calendar' is declared but its value is never read.
src/features/pos/POSTransactionHistoryPage.tsx(13,3): error TS6133: 'Filter' is declared but its value is never read.
src/features/pos/POSTransactionHistoryPage.tsx(20,3): error TS6133: 'Store' is declared but its value is never read.
src/features/pos/ShowroomPOSTerminal.tsx(9,10): error TS6133: 'isPOSDiscountValid' is declared but its value is never read.
src/features/pos/ShowroomPOSTerminal.tsx(33,3): error TS6133: 'RotateCcw' is declared but its value is never read.
src/features/pos/ShowroomPOSTerminal.tsx(35,3): error TS6133: 'Receipt' is declared but its value is never read.
src/features/pos/ShowroomPOSTerminal.tsx(36,3): error TS6133: 'History' is declared but its value is never read.
src/features/pos/ShowroomPOSTerminal.tsx(38,3): error TS6133: 'ArrowDownRight' is declared but its value is never read.
src/features/pos/ShowroomPOSTerminal.tsx(39,3): error TS6133: 'ArrowUpRight' is declared but its value is never read.
src/features/pos/ShowroomPOSTerminal.tsx(46,1): error TS6133: 'Badge' is declared but its value is never read.
src/features/pos/ShowroomPOSTerminal.tsx(59,14): error TS6133: 'posLoading' is declared but its value is never read.
src/features/pos/ShowroomPOSTerminal.tsx(64,5): error TS6133: 'refresh' is declared but its value is never read.
src/features/pos/ShowroomPOSTerminal.tsx(70,62): error TS2345: Argument of type '{ search: string; categoryId: string | undefined; status: string; pageSize: number; }' is not assignable to parameter of type 'ProductFilters'.
  Property 'page' is missing in type '{ search: string; categoryId: string | undefined; status: string; pageSize: number; }' but required in type 'ProductFilters'.
src/features/pos/ThermalReceiptModal.tsx(1,1): error TS6133: 'React' is declared but its value is never read.
src/features/products/ProductCreateModal.tsx(35,25): error TS6133: 'setIsPromotional' is declared but its value is never read.
src/features/products/ProductDetailPage.tsx(10,21): error TS6133: 'Package' is declared but its value is never read.
src/features/products/ProductDetailPage.tsx(10,30): error TS6133: 'Barcode' is declared but its value is never read.
src/features/products/ProductDetailPage.tsx(10,52): error TS6133: 'TrendingUp' is declared but its value is never read.
src/features/products/ProductDetailPage.tsx(10,64): error TS6133: 'AlertTriangle' is declared but its value is never read.
src/features/quotations/QuotationCreateEditPage.tsx(9,1): error TS6133: 'Quotation' is declared but its value is never read.
src/features/quotations/QuotationCreateEditPage.tsx(53,10): error TS6133: 'validDays' is declared but its value is never read.
src/features/quotations/QuotationCreateEditPage.tsx(53,21): error TS6133: 'setValidDays' is declared but its value is never read.
src/features/quotations/QuotationDetailPage.tsx(12,16): error TS6133: 'CardHeader' is declared but its value is never read.
src/features/quotations/QuotationDetailPage.tsx(12,28): error TS6133: 'CardTitle' is declared but its value is never read.
src/features/quotations/QuotationDetailPage.tsx(18,3): error TS6133: 'FileSpreadsheet' is declared but its value is never read.
src/features/quotations/QuotationDetailPage.tsx(29,3): error TS6133: 'ShieldCheck' is declared but its value is never read.
src/features/quotations/QuotationListPage.tsx(10,16): error TS6133: 'CardHeader' is declared but its value is never read.
src/features/quotations/QuotationListPage.tsx(10,28): error TS6133: 'CardTitle' is declared but its value is never read.
src/features/quotations/QuotationListPage.tsx(25,3): error TS6133: 'CheckCircle' is declared but its value is never read.
src/features/quotations/QuotationListPage.tsx(31,3): error TS6133: 'Building2' is declared but its value is never read.
src/features/quotations/QuotationListPage.tsx(71,11): error TS2345: Argument of type '{ assignedRepId: string; pageSize: number; } | { pageSize: number; }' is not assignable to parameter of type 'CustomerFilters | undefined'.
  Property 'page' is missing in type '{ assignedRepId: string; pageSize: number; }' but required in type 'CustomerFilters'.
src/features/quotations/QuotationListPage.tsx(102,9): error TS6133: 'approvedCount' is declared but its value is never read.
src/features/reports/AreaPerformanceTab.tsx(1,1): error TS6133: 'React' is declared but its value is never read.
src/features/reports/AreaPerformanceTab.tsx(4,18): error TS6133: 'Target' is declared but its value is never read.
src/features/reports/AreaPerformanceTab.tsx(4,26): error TS6133: 'Users' is declared but its value is never read.
src/features/reports/AreaPerformanceTab.tsx(4,44): error TS6133: 'TrendingUp' is declared but its value is never read.
src/features/reports/CommissionAnalyticsTab.tsx(1,1): error TS6133: 'React' is declared but its value is never read.
src/features/reports/ExecutiveOverviewTab.tsx(1,1): error TS6133: 'React' is declared but its value is never read.
src/features/reports/FinanceCollectionsTab.tsx(1,1): error TS6133: 'React' is declared but its value is never read.
src/features/reports/FinanceCollectionsTab.tsx(4,17): error TS6133: 'CreditCard' is declared but its value is never read.
src/features/reports/FinanceCollectionsTab.tsx(4,29): error TS6133: 'AlertCircle' is declared but its value is never read.
src/features/reports/InventoryAnalyticsTab.tsx(1,1): error TS6133: 'React' is declared but its value is never read.
src/features/reports/InventoryAnalyticsTab.tsx(4,10): error TS6133: 'Boxes' is declared but its value is never read.
src/features/reports/InventoryAnalyticsTab.tsx(4,57): error TS6133: 'Store' is declared but its value is never read.
src/features/reports/PosAnalyticsTab.tsx(1,1): error TS6133: 'React' is declared but its value is never read.
src/features/reports/ReportsFilterToolbar.tsx(1,1): error TS6133: 'React' is declared but its value is never read.
src/features/reports/ReportsFilterToolbar.tsx(5,29): error TS6133: 'Filter' is declared but its value is never read.
src/features/reports/ReportsFilterToolbar.tsx(5,48): error TS6133: 'ShieldCheck' is declared but its value is never read.
src/features/reports/ReportsPage.tsx(1,8): error TS6133: 'React' is declared but its value is never read.
src/features/reports/ReportsPage.tsx(13,1): error TS6133: 'EmptyState' is declared but its value is never read.
src/features/reports/ReportsPage.tsx(22,3): error TS6133: 'FileSpreadsheet' is declared but its value is never read.
src/features/reports/ReportsPage.tsx(23,3): error TS6133: 'AlertCircle' is declared but its value is never read.
src/features/reports/SalesAnalyticsTab.tsx(1,1): error TS6133: 'React' is declared but its value is never read.
src/features/reports/SalesAnalyticsTab.tsx(4,33): error TS6133: 'TrendingUp' is declared but its value is never read.
src/features/warranty/WarrantyHubPage.tsx(21,3): error TS6133: 'FileCheck2' is declared but its value is never read.
src/features/warranty/WarrantyHubPage.tsx(22,3): error TS6133: 'Clock' is declared but its value is never read.
src/features/warranty/WarrantyHubPage.tsx(23,3): error TS6133: 'Eye' is declared but its value is never read.
src/features/warranty/WarrantyHubPage.tsx(25,3): error TS6133: 'FileText' is declared but its value is never read.
src/features/warranty/WarrantyHubPage.tsx(26,3): error TS6133: 'AlertCircle' is declared but its value is never read.
src/features/warranty/WarrantyHubPage.tsx(27,3): error TS6133: 'CheckCircle2' is declared but its value is never read.
src/features/warranty/WarrantyHubPage.tsx(28,3): error TS6133: 'Calendar' is declared but its value is never read.
src/hooks/usePOS.ts(9,3): error TS6133: 'POSTransactionStatus' is declared but its value is never read.
src/mock/mockOrders.ts(315,9): error TS2322: Type '"WAREHOUSE_STAFF"' is not assignable to type 'UserRole'.
src/mock/mockOrders.ts(413,9): error TS2322: Type '"WAREHOUSE_STAFF"' is not assignable to type 'UserRole'.
src/repositories/mock/MockApprovalRepository.ts(73,7): error TS2322: Type '"APPROVED"' is not assignable to type '"PENDING"'.
src/repositories/mock/MockApprovalRepository.ts(75,7): error TS2322: Type '"REJECTED"' is not assignable to type '"PENDING"'.
src/repositories/mock/MockApprovalRepository.ts(77,7): error TS2322: Type '"ESCALATED"' is not assignable to type '"PENDING"'.
src/repositories/mock/MockApprovalRepository.ts(102,15): error TS2367: This comparison appears to be unintentional because the types '"PENDING"' and '"ESCALATED"' have no overlap.
src/repositories/mock/MockUserRepository.ts(18,7): error TS2353: Object literal may only specify known properties, and 'createdAt' does not exist in type 'User'.
src/rules/approvalRules.ts(50,36): error TS2367: This comparison appears to be unintentional because the types '"SALES_MANAGER" | "FINANCE_MANAGER" | "AREA_MANAGER" | "SALES_REP" | "STOCK_KEEPER" | "CASHIER"' and '"DIRECTOR"' have no overlap.
src/rules/approvalRules.ts(52,14): error TS2367: This comparison appears to be unintentional because the types '"MANAGER" | "SALES_MANAGER" | "FINANCE_MANAGER" | "AREA_MANAGER" | "SALES_REP" | "STOCK_KEEPER" | "CASHIER"' and '"DIRECTOR"' have no overlap.
src/rules/inventoryRules.ts(9,35): error TS6133: 'productId' is declared but its value is never read.
src/rules/inventoryRules.ts(9,54): error TS6133: 'locationId' is declared but its value is never read.
src/rules/inventoryRules.ts(22,69): error TS6133: 'quantity' is declared but its value is never read.
src/rules/orderRules.ts(1,23): error TS6133: 'SalesOrderItem' is declared but its value is never read.
src/rules/orderRules.ts(127,11): error TS6133: 'discEval' is declared but its value is never read.
src/rules/permissions.ts(180,7): error TS2367: This comparison appears to be unintentional because the types '"MANAGER" | "SALES_MANAGER" | "FINANCE_MANAGER" | "AREA_MANAGER" | "SALES_REP" | "STOCK_KEEPER" | "CASHIER"' and '"DIRECTOR"' have no overlap.
src/rules/permissions.ts(231,12): error TS2367: This comparison appears to be unintentional because the types '"MANAGER" | "SALES_MANAGER" | "FINANCE_MANAGER" | "AREA_MANAGER" | "SALES_REP" | "STOCK_KEEPER" | "CASHIER"' and '"DIRECTOR"' have no overlap.
src/services/AdvancedReportService.ts(37,13): error TS6138: Property '_inventorySvc' is declared but its value is never read.
src/services/CustomerService.ts(149,42): error TS6133: 'action' is declared but its value is never read.
src/services/GRNService.ts(64,17): error TS6133: 'filters' is declared but its value is never read.
src/services/GRNService.ts(68,50): error TS6133: 'rejectedById' is declared but its value is never read.
src/services/GRNService.ts(68,72): error TS6133: 'rejectedByName' is declared but its value is never read.
src/services/GRNService.ts(75,9): error TS2339: Property 'notes' does not exist on type 'GRN'.
src/services/GRNService.ts(75,22): error TS2339: Property 'notes' does not exist on type 'GRN'.
src/services/InventoryService.ts(36,29): error TS6133: 'filters' is declared but its value is never read.
src/services/InventoryService.ts(40,27): error TS6133: 'filters' is declared but its value is never read.
src/services/OrderService.ts(13,16): error TS6133: 'UserRole' is declared but its value is never read.
src/services/OrderService.ts(160,5): error TS6133: 'customerAllowedDiscount' is declared but its value is never read.
src/services/ProductService.ts(127,42): error TS6133: 'action' is declared but its value is never read.
src/services/ProductService.ts(127,50): error TS6133: 'actorRole' is declared but its value is never read.
src/services/QuotationService.ts(12,1): error TS6133: 'Product' is declared but its value is never read.
src/services/ReportService.ts(70,38): error TS2345: Argument of type '{ pageSize: number; }' is not assignable to parameter of type 'CustomerFilters'.
  Property 'page' is missing in type '{ pageSize: number; }' but required in type 'CustomerFilters'.
src/services/ReportService.ts(98,52): error TS2339: Property 'orderDate' does not exist on type 'SalesOrder'.
src/services/ReportService.ts(101,52): error TS2339: Property 'orderDate' does not exist on type 'SalesOrder'.
src/services/ReportService.ts(129,38): error TS2345: Argument of type '{ pageSize: number; }' is not assignable to parameter of type 'CustomerFilters'.
  Property 'page' is missing in type '{ pageSize: number; }' but required in type 'CustomerFilters'.
src/services/ReportService.ts(130,36): error TS2345: Argument of type '{ pageSize: number; }' is not assignable to parameter of type 'ProductFilters'.
  Property 'page' is missing in type '{ pageSize: number; }' but required in type 'ProductFilters'.
src/services/ReportService.ts(374,36): error TS2345: Argument of type '{ pageSize: number; }' is not assignable to parameter of type 'ProductFilters'.
  Property 'page' is missing in type '{ pageSize: number; }' but required in type 'ProductFilters'.
src/services/ReportService.ts(546,38): error TS2345: Argument of type '{ pageSize: number; }' is not assignable to parameter of type 'CustomerFilters'.
  Property 'page' is missing in type '{ pageSize: number; }' but required in type 'CustomerFilters'.
src/services/ReportService.ts(765,38): error TS2345: Argument of type '{ pageSize: number; }' is not assignable to parameter of type 'CustomerFilters'.
  Property 'page' is missing in type '{ pageSize: number; }' but required in type 'CustomerFilters'.
src/test/accessibilityAndUI.test.tsx(2,1): error TS6133: 'React' is declared but its value is never read.
src/test/accessibilityAndUI.test.tsx(4,37): error TS6133: 'waitFor' is declared but its value is never read.
src/test/accessibilityAndUI.test.tsx(17,27): error TS6133: 'ShoppingCart' is declared but its value is never read.
src/test/accessibilityAndUI.test.tsx(187,11): error TS2345: Argument of type '{ customerId: string; items: { productId: string; quantity: number; requestedDiscountPercentage: number; }[]; }' is not assignable to parameter of type 'CreateQuotationInput'.
  Property 'salesRepId' is missing in type '{ customerId: string; items: { productId: string; quantity: number; requestedDiscountPercentage: number; }[]; }' but required in type 'CreateQuotationInput'.
src/test/accessibilityAndUI.test.tsx(197,11): error TS2345: Argument of type '{ customerId: string; items: { productId: string; quantity: number; requestedDiscountPercentage: number; }[]; }' is not assignable to parameter of type 'CreateQuotationInput'.
  Property 'salesRepId' is missing in type '{ customerId: string; items: { productId: string; quantity: number; requestedDiscountPercentage: number; }[]; }' but required in type 'CreateQuotationInput'.
src/test/accessibilityAndUI.test.tsx(251,11): error TS2345: Argument of type '{ customerId: string; items: never[]; }' is not assignable to parameter of type 'CreateQuotationInput'.
  Property 'salesRepId' is missing in type '{ customerId: string; items: never[]; }' but required in type 'CreateQuotationInput'.
src/test/accessibilityAndUI.test.tsx(263,11): error TS2345: Argument of type '{ customerId: string; items: never[]; }' is not assignable to parameter of type 'CreateOrderInput'.
  Property 'deliveryAddress' is missing in type '{ customerId: string; items: never[]; }' but required in type 'CreateOrderInput'.
src/test/coaSupplierComponents.test.tsx(2,26): error TS6133: 'fireEvent' is declared but its value is never read.
src/test/endToEndLifecycle.test.ts(55,9): error TS6133: 'directorUser' is declared but its value is never read.
src/test/endToEndLifecycle.test.ts(166,7): error TS2345: Argument of type '{ customerId: string; items: { productId: string; quantity: number; requestedDiscountPercentage: number; }[]; validUntil: string; notes: string; }' is not assignable to parameter of type 'CreateQuotationInput'.
  Property 'salesRepId' is missing in type '{ customerId: string; items: { productId: string; quantity: number; requestedDiscountPercentage: number; }[]; validUntil: string; notes: string; }' but required in type 'CreateQuotationInput'.
src/test/endToEndLifecycle.test.ts(491,9): error TS2345: Argument of type '{ customerId: string; items: { productId: string; quantity: number; requestedDiscountPercentage: number; }[]; }' is not assignable to parameter of type 'CreateQuotationInput'.
  Property 'salesRepId' is missing in type '{ customerId: string; items: { productId: string; quantity: number; requestedDiscountPercentage: number; }[]; }' but required in type 'CreateQuotationInput'.
src/test/endToEndLifecycle.test.ts(502,44): error TS2353: Object literal may only specify known properties, and 'quantity' does not exist in type 'CreateOrderItemInput'.
src/test/endToEndLifecycle.test.ts(568,50): error TS2345: Argument of type '{ code: string; name: string; type: "DEALER"; areaId: string; assignedRepId: string; contactPerson: string; phone: string; email: string; address: string; commercialTerms: { creditLimit: number; creditDays: number; defaultDiscountPercentage: number; maxDiscountPercentage: number; }; approvalStage: "APPROVED"; status...' is not assignable to parameter of type 'Omit<Customer, "id" | "createdAt" | "updatedAt" | "financials">'.
  Type '{ code: string; name: string; type: "DEALER"; areaId: string; assignedRepId: string; contactPerson: string; phone: string; email: string; address: string; commercialTerms: { creditLimit: number; creditDays: number; defaultDiscountPercentage: number; maxDiscountPercentage: number; }; approvalStage: "APPROVED"; status...' is missing the following properties from type 'Omit<Customer, "id" | "createdAt" | "updatedAt" | "financials">': areaName, assignedRepName
src/test/endToEndLifecycle.test.ts(589,44): error TS2353: Object literal may only specify known properties, and 'quantity' does not exist in type 'CreateOrderItemInput'.
src/test/financeInnerMenuLayout.test.tsx(2,26): error TS6133: 'fireEvent' is declared but its value is never read.
src/test/financeInnerMenuLayout.test.tsx(2,37): error TS6133: 'waitFor' is declared but its value is never read.
src/test/inventoryComponents.test.tsx(2,1): error TS6133: 'React' is declared but its value is never read.
src/test/inventoryDomain.test.ts(9,1): error TS6133: 'Order' is declared but its value is never read.
src/test/inventoryDomain.test.ts(9,10): error TS2305: Module '"../types/order"' has no exported member 'Order'.
src/test/inventoryDomain.test.ts(132,65): error TS2554: Expected 4 arguments, but got 5.
src/test/invoicePaymentComponents.test.tsx(2,1): error TS6133: 'React' is declared but its value is never read.
src/test/loginPage.test.tsx(2,46): error TS6133: 'within' is declared but its value is never read.
src/test/orderComponents.test.tsx(2,1): error TS6133: 'React' is declared but its value is never read.
src/test/orderComponents.test.tsx(14,1): error TS6133: 'MOCK_ORDERS' is declared but its value is never read.
src/test/orderDomain.test.ts(27,9): error TS2741: Property 'phone' is missing in type '{ id: string; name: string; email: string; role: "SALES_REP"; areaId: string; areaName: string; isActive: true; }' but required in type 'User'.
src/test/orderDomain.test.ts(37,9): error TS2741: Property 'phone' is missing in type '{ id: string; name: string; email: string; role: "SALES_MANAGER"; isActive: true; }' but required in type 'User'.
src/test/orderDomain.test.ts(45,9): error TS2741: Property 'phone' is missing in type '{ id: string; name: string; email: string; role: "MANAGER"; isActive: true; }' but required in type 'User'.
src/test/orderDomain.test.ts(53,9): error TS2741: Property 'phone' is missing in type '{ id: string; name: string; email: string; role: "DIRECTOR"; isActive: true; }' but required in type 'User'.
src/test/orderDomain.test.ts(70,53): error TS2554: Expected 0-1 arguments, but got 2.
src/test/orderDomain.test.ts(482,9): error TS2353: Object literal may only specify known properties, and 'financials' does not exist in type 'Omit<Customer, "id" | "createdAt" | "updatedAt" | "financials">'.
src/test/posComponents.test.tsx(2,1): error TS6133: 'React' is declared but its value is never read.
src/test/posDomain.test.ts(6,10): error TS6133: 'validatePOSDiscount' is declared but its value is never read.
src/test/posDomain.test.ts(6,56): error TS6133: 'validateCashierSession' is declared but its value is never read.
src/test/posDomain.test.ts(6,80): error TS6133: 'validateShowroomStock' is declared but its value is never read.
src/test/posDomain.test.ts(7,1): error TS6192: All imports in import declaration are unused.
src/test/posDomain.test.ts(8,1): error TS6133: 'StockBalance' is declared but its value is never read.
src/test/posDomain.test.ts(9,1): error TS6133: 'Product' is declared but its value is never read.
src/test/quotationComponents.test.tsx(2,1): error TS6133: 'React' is declared but its value is never read.
src/test/quotationDomain.test.ts(23,9): error TS2741: Property 'phone' is missing in type '{ id: string; name: string; email: string; role: "SALES_REP"; areaId: string; areaName: string; isActive: true; }' but required in type 'User'.
src/test/quotationDomain.test.ts(33,9): error TS2741: Property 'phone' is missing in type '{ id: string; name: string; email: string; role: "SALES_MANAGER"; isActive: true; }' but required in type 'User'.
src/test/quotationDomain.test.ts(41,9): error TS2741: Property 'phone' is missing in type '{ id: string; name: string; email: string; role: "DIRECTOR"; isActive: true; }' but required in type 'User'.
src/test/quotationDomain.test.ts(41,9): error TS6133: 'mockDirectorUser' is declared but its value is never read.
src/test/quotationDomain.test.ts(56,53): error TS2554: Expected 0-1 arguments, but got 2.
src/test/quotationDomain.test.ts(499,13): error TS2741: Property 'phone' is missing in type '{ id: string; name: string; email: string; role: "SALES_REP"; isActive: true; }' but required in type 'User'.
src/test/reportComponents.test.tsx(2,1): error TS6133: 'React' is declared but its value is never read.
src/test/reportDomain.test.ts(22,1): error TS6133: 'MOCK_INVOICES' is declared but its value is never read.
src/test/reportDomain.test.ts(23,1): error TS6133: 'MOCK_PRODUCTS' is declared but its value is never read.
src/test/reportDomain.test.ts(24,1): error TS6133: 'MOCK_POS_TRANSACTIONS' is declared but its value is never read.
src/test/reportDomain.test.ts(25,1): error TS6133: 'MOCK_PAYMENTS' is declared but its value is never read.
src/test/reportDomain.test.ts(26,1): error TS6133: 'MOCK_SALES_TARGETS' is declared but its value is never read.
src/test/roleSecurity.test.ts(24,10): error TS6133: 'User' is declared but its value is never read.
src/test/roleSecurity.test.ts(37,7): error TS6133: 'invSvc' is declared but its value is never read.
src/test/roleSecurity.test.ts(50,9): error TS6133: 'managerUser' is declared but its value is never read.
src/test/roleSecurity.test.ts(51,9): error TS6133: 'directorUser' is declared but its value is never read.
src/test/roleSecurity.test.ts(52,9): error TS6133: 'financeManagerUser' is declared but its value is never read.
src/test/roleSecurity.test.ts(129,63): error TS2345: Argument of type '{ assignedRepId: string; }' is not assignable to parameter of type 'CustomerFilters'.
  Type '{ assignedRepId: string; }' is missing the following properties from type 'CustomerFilters': page, pageSize
src/test/roleSecurity.test.ts(138,58): error TS2345: Argument of type '{ code: string; name: string; type: "DEALER"; areaId: string; areaName: string; assignedRepId: string; contactPerson: string; phone: string; email: string; address: string; commercialTerms: { creditLimit: number; creditDays: number; defaultDiscountPercentage: number; maxDiscountPercentage: number; }; approvalStage: ...' is not assignable to parameter of type 'Omit<Customer, "id" | "createdAt" | "updatedAt" | "financials">'.
  Property 'assignedRepName' is missing in type '{ code: string; name: string; type: "DEALER"; areaId: string; areaName: string; assignedRepId: string; contactPerson: string; phone: string; email: string; address: string; commercialTerms: { creditLimit: number; creditDays: number; defaultDiscountPercentage: number; maxDiscountPercentage: number; }; approvalStage: ...' but required in type 'Omit<Customer, "id" | "createdAt" | "updatedAt" | "financials">'.
src/test/roleSecurity.test.ts(158,11): error TS2345: Argument of type '{ customerId: string; items: { productId: string; quantity: number; requestedDiscountPercentage: number; }[]; }' is not assignable to parameter of type 'CreateQuotationInput'.
  Property 'salesRepId' is missing in type '{ customerId: string; items: { productId: string; quantity: number; requestedDiscountPercentage: number; }[]; }' but required in type 'CreateQuotationInput'.
src/test/roleSecurity.test.ts(168,58): error TS2345: Argument of type '{ code: string; name: string; type: "DEALER"; areaId: string; areaName: string; assignedRepId: string; contactPerson: string; phone: string; email: string; address: string; commercialTerms: { creditLimit: number; creditDays: number; defaultDiscountPercentage: number; maxDiscountPercentage: number; }; approvalStage: ...' is not assignable to parameter of type 'Omit<Customer, "id" | "createdAt" | "updatedAt" | "financials">'.
  Property 'assignedRepName' is missing in type '{ code: string; name: string; type: "DEALER"; areaId: string; areaName: string; assignedRepId: string; contactPerson: string; phone: string; email: string; address: string; commercialTerms: { creditLimit: number; creditDays: number; defaultDiscountPercentage: number; maxDiscountPercentage: number; }; approvalStage: ...' but required in type 'Omit<Customer, "id" | "createdAt" | "updatedAt" | "financials">'.
src/test/roleSecurity.test.ts(190,46): error TS2353: Object literal may only specify known properties, and 'quantity' does not exist in type 'CreateOrderItemInput'.
src/test/roleSecurity.test.ts(199,52): error TS2345: Argument of type '{ code: string; name: string; type: "DEALER"; areaId: string; assignedRepId: string; contactPerson: string; phone: string; email: string; address: string; commercialTerms: { creditLimit: number; creditDays: number; defaultDiscountPercentage: number; maxDiscountPercentage: number; }; approvalStage: "APPROVED"; status...' is not assignable to parameter of type 'Omit<Customer, "id" | "createdAt" | "updatedAt" | "financials">'.
  Type '{ code: string; name: string; type: "DEALER"; areaId: string; assignedRepId: string; contactPerson: string; phone: string; email: string; address: string; commercialTerms: { creditLimit: number; creditDays: number; defaultDiscountPercentage: number; maxDiscountPercentage: number; }; approvalStage: "APPROVED"; status...' is missing the following properties from type 'Omit<Customer, "id" | "createdAt" | "updatedAt" | "financials">': areaName, assignedRepName
src/test/roleSecurity.test.ts(217,9): error TS2345: Argument of type '{ customerId: string; items: { productId: string; quantity: number; requestedDiscountPercentage: number; }[]; }' is not assignable to parameter of type 'CreateQuotationInput'.
  Property 'salesRepId' is missing in type '{ customerId: string; items: { productId: string; quantity: number; requestedDiscountPercentage: number; }[]; }' but required in type 'CreateQuotationInput'.
src/test/roleSecurity.test.ts(234,44): error TS2353: Object literal may only specify known properties, and 'quantity' does not exist in type 'CreateOrderItemInput'.
src/test/roleSecurity.test.ts(351,26): error TS2345: Argument of type '{ id: string; grnNumber: string; supplierId: string; supplierName: string; warehouseId: string; items: { productId: string; productNameSnapshot: string; skuSnapshot: string; expectedQuantity: number; receivedQuantity: number; damagedQuantity: number; unitCost: number; lineValue: number; }[]; status: "SUBMITTED"; sub...' is not assignable to parameter of type 'GRN'.
  Type '{ id: string; grnNumber: string; supplierId: string; supplierName: string; warehouseId: string; items: { productId: string; productNameSnapshot: string; skuSnapshot: string; expectedQuantity: number; receivedQuantity: number; damagedQuantity: number; unitCost: number; lineValue: number; }[]; status: "SUBMITTED"; sub...' is missing the following properties from type 'GRN': totalValue, receivedById
src/test/roleSecurity.test.ts(360,9): error TS2322: Type '"GRN_ACCEPTANCE"' is not assignable to type 'ApprovalDocumentType'.
src/test/roleSecurity.test.ts(513,43): error TS2345: Argument of type '{ id: string; sessionNumber: string; cashierId: string; cashierName: string; terminalId: string; openedAt: string; closedAt: string; openingBalance: number; status: "CLOSED"; cashSalesTotal: number; ... 5 more ...; isReconciled: boolean; }' is not assignable to parameter of type 'POSSession'.
  Type '{ id: string; sessionNumber: string; cashierId: string; cashierName: string; terminalId: string; openedAt: string; closedAt: string; openingBalance: number; status: "CLOSED"; cashSalesTotal: number; ... 5 more ...; isReconciled: boolean; }' is missing the following properties from type 'POSSession': totalSales, totalTransactions
src/test/roleSecurity.test.ts(517,37): error TS2345: Argument of type '{ status: "OPEN"; closedAt: undefined; id: string; sessionNumber: string; cashierId: string; cashierName: string; terminalId: string; openedAt: string; openingBalance: number; cashSalesTotal: number; ... 5 more ...; isReconciled: boolean; }' is not assignable to parameter of type 'POSSession'.
  Type '{ status: "OPEN"; closedAt: undefined; id: string; sessionNumber: string; cashierId: string; cashierName: string; terminalId: string; openedAt: string; openingBalance: number; cashSalesTotal: number; ... 5 more ...; isReconciled: boolean; }' is missing the following properties from type 'POSSession': totalSales, totalTransactions
src/test/roleSecurity.test.ts(530,61): error TS2345: Argument of type '{ areaId: string | undefined; }' is not assignable to parameter of type 'CustomerFilters'.
  Type '{ areaId: string | undefined; }' is missing the following properties from type 'CustomerFilters': page, pageSize
src/test/roleSecurity.test.ts(577,9): error TS2739: Type '{ id: string; code: string; name: string; type: "DEALER"; areaId: string; contactPerson: string; phone: string; email: string; address: string; commercialTerms: { creditLimit: number; creditDays: number; defaultDiscountPercentage: number; maxDiscountPercentage: number; }; ... 6 more ...; updatedAt: string; }' is missing the following properties from type 'Customer': areaName, assignedRepId, assignedRepName
src/test/roleSecurity.test.ts(595,9): error TS2322: Type '"SPECIAL_ORDER"' is not assignable to type 'ApprovalDocumentType'.
src/test/themeSystem.test.tsx(1,44): error TS6133: 'vi' is declared but its value is never read.
src/test/themeSystem.test.tsx(2,1): error TS6133: 'React' is declared but its value is never read.
src/types/order.ts(1,22): error TS6133: 'PaginatedResult' is declared but its value is never read.
src/types/quotation.ts(2,1): error TS6133: 'UserRole' is declared but its value is never read.
